gos_x_threads_cortexm47fp.h:19:54:_gfxTaskSwitch	0	static
gwin_wm.c:980:13:WM_MinMax	0	static
gwin_wm.c:715:13:WM_Init	0	static
gwin_wm.c:724:13:WM_DeInit	0	static
gdisp.c:428:13:line_clip	48	static
gtimer.c:32:8:GTimerThreadHandler	40	static
gdisp.c:2958:6:gdispGDrawBox.part.6	56	static
gwin_wm.c:743:13:WM_Delete	24	static
gwin_wm.c:985:13:WM_Raise	24	static
gwin_graph.c:69:13:lineto	88	static
gwin_wm.c:225:6:_gwinFlushRedraws.part.8	56	static
gos_raw32.c:22:6:_gosInit	8	static
gos_raw32.c:43:6:_gosPostInit	0	static
gos_raw32.c:47:6:_gosDeinit	0	static
gos_raw32.c:81:6:gfxHalt	8	static
gos_raw32.c:94:6:gfxExit	8	static
gos_x_threads_cortexm47fp.h:31:54:_gfxStartThread	0	static
gos_x_threads.c:21:6:gfxSystemLock	0	static
gos_x_threads.c:25:6:gfxSystemUnlock	0	static
gos_x_threads.c:29:6:gfxMutexInit	0	static
gos_x_threads.c:33:6:gfxMutexEnter	24	static
gos_x_threads.c:44:6:gfxMutexExit	0	static
gos_x_threads.c:48:6:gfxSemInit	0	static
gos_x_threads.c:53:8:gfxSemWait	32	static
gwin_wm.c:219:14:RedrawTimerFn	8	static
gos_x_threads.c:93:8:gfxSemWaitI	0	static
gos_x_threads.c:100:6:gfxSemSignal	0	static
gos_x_threads.c:106:6:gfxSemSignalI	0	static
gos_x_threads.c:115:6:gfxSleepMilliseconds	32	static
gos_x_threads.c:137:6:gfxSleepMicroseconds	32	static
gos_x_threads.c:446:6:_gosThreadsInit	8	static
gos_x_threads.c:460:17:gfxThreadMe	0	static
gos_x_threads.c:472:6:gfxYield	16	static
gos_x_threads.c:488:6:gfxThreadExit	8	static
gos_x_threads.c:511:17:gfxThreadCreate	24	static
gos_x_threads.c:546:16:gfxThreadWait	24	static
gos_x_heap.c:18:7:_gosHeapInit	0	static
gos_x_heap.c:20:8:gfxAlloc	0	static
gos_x_heap.c:24:8:gfxRealloc	0	static
gos_x_heap.c:29:7:gfxFree	0	static
gdriver.c:21:6:_gdriverInit	0	static
gdriver.c:25:6:_gdriverDeinit	16	static
gdriver.c:31:10:gdriverRegister	40	static
gdriver.c:69:6:gdriverUnRegister	8	static
gdriver.c:98:10:gdriverGetInstance	4	static
gdriver.c:114:10:gdriverInstanceCount	0	static
gdriver.c:127:10:gdriverGetNext	0	static
gdriver.c:136:10:gdriverGetDriverInstanceNumber	4	static
gqueue.c:16:6:_gqueueInit	0	static
gqueue.c:23:6:_gqueueDeinit	0	static
gqueue.c:28:7:gfxQueueASyncInit	0	static
gqueue.c:32:21:gfxQueueASyncGet	0	static
gqueue.c:45:21:gfxQueueASyncGetI	0	static
gqueue.c:56:7:gfxQueueASyncPut	0	static
gqueue.c:61:7:gfxQueueASyncPutI	0	static
gqueue.c:72:7:gfxQueueASyncPush	0	static
gqueue.c:77:7:gfxQueueASyncPushI	0	static
gqueue.c:85:7:gfxQueueASyncInsert	4	static
gqueue.c:90:7:gfxQueueASyncInsertI	4	static
gqueue.c:109:7:gfxQueueASyncRemove	4	static
gqueue.c:114:7:gfxQueueASyncRemoveI	4	static
gqueue.c:136:9:gfxQueueASyncIsIn	0	static
gqueue.c:145:9:gfxQueueASyncIsInI	0	static
gdisp.c:558:6:_gdispInit	32	static
gfx.c:82:6:gfxInit	24	static
gdisp.c:618:6:_gdispDeinit	0	static
gdisp.c:623:8:_gdispInitDriver	16	static
gdisp.c:643:6:_gdispPostInitDriver	48	static
gdisp.c:679:6:_gdispDeInitDriver	0	static
gdisp.c:700:11:gdispGetDisplay	0	static
gdisp.c:704:6:gdispSetDisplay	0	static
gdisp.c:708:10:gdispGetDisplayCount	0	static
gdisp.c:712:9:gdispGGetWidth	0	static
gdisp.c:713:9:gdispGGetHeight	0	static
gdisp.c:714:13:gdispGGetPowerMode	0	static
gdisp.c:715:15:gdispGGetOrientation	0	static
gdisp.c:716:9:gdispGGetBacklight	0	static
gdisp.c:717:9:gdispGGetContrast	0	static
gdisp.c:719:6:gdispGFlush	0	static
gdisp.c:981:6:gdispGDrawPixel	32	static
gdisp.c:991:6:gdispGDrawLine	48	static
gdisp.c:1003:6:gdispGClear	24	static
gdisp.c:1086:6:gdispGFillArea	48	static
gwin_wm.c:750:13:WM_Redraw	32	static
gdisp.c:1100:6:gdispGBlitArea	56	static
gdisp.c:1237:7:gdispGSetClip	40	static
gdisp.c:2868:8:gdispGControl	32	static
gdisp.c:2958:6:gdispGDrawBox	8	static
gdisp.c:3702:10:gdispBlendColor	20	static
gdisp.c:3724:9:gdispContrastColor	0	static
gtimer.c:115:6:_gtimerInit	8	static
gtimer.c:122:6:_gtimerDeinit	0	static
gtimer.c:129:6:gtimerInit	0	static
gtimer.c:134:6:gtimerDeinit	32	static
gtimer.c:139:6:gtimerStart	48	static
gtimer.c:190:6:gtimerStop	32	static
gtimer.c:208:8:gtimerIsActive	0	static
gtimer.c:212:6:gtimerJab	32	static
gtimer.c:223:6:gtimerJabI	4	static
gwin.c:59:6:_gwinInit	24	static
gwin.c:87:9:_gwindowCreate	32	static
gwin.c:119:6:_gwinDestroy	32	static
gwin.c:156:6:gwinClearInit	0	static
gwin.c:164:6:gwinSetDefaultColor	0	static
gwin.c:168:9:gwinGetDefaultColor	0	static
gwin.c:172:6:gwinSetDefaultBgColor	0	static
gwin.c:176:9:gwinGetDefaultBgColor	0	static
gwin.c:194:9:gwinGWindowCreate	32	static
gwin.c:204:6:gwinDestroy	32	static
gwin.c:208:13:gwinGetClassName	0	static
gwin.c:212:8:gwinGetVisible	0	static
gwin.c:216:8:gwinGetEnabled	0	static
gwin_wm.c:184:6:_gwmInit	24	static
gwin_wm.c:199:6:_gwmDeinit	32	static
gwin.c:72:6:_gwinDeinit	0	static
gfx.c:140:6:gfxDeinit	16	static
gwin_wm.c:225:6:_gwinFlushRedraws	8	static
gwin_wm.c:309:6:_gwinUpdate	24	static
gwin_wm.c:826:13:WM_Size	40	static
gwin_wm.c:729:15:WM_Add	40	static
gwin_wm.c:899:13:WM_Move	48	static
gwin_wm.c:391:6:_gwinDrawEnd	32	static
gwin_wm.c:369:8:_gwinDrawStart	32	static
gwin.c:240:6:gwinDrawPixel	56	static
gwin.c:258:6:gwinFillArea	56	static
gwin.c:264:6:gwinBlitArea	80	static
gwin.c:252:6:gwinDrawBox	56	static
gwin.c:226:6:gwinClear	32	static
gwin.c:246:6:gwinDrawLine	64	static
gwin_wm.c:404:8:_gwinWMAdd	8	static
gwin_wm.c:427:6:gwinSetWindowManager	16	static
gwin_wm.c:437:6:gwinRedraw	8	static
gwin_wm.c:466:7:gwinSetVisible	24	static
gwin_wm.c:533:7:gwinSetEnabled	24	static
gwin_wm.c:556:6:gwinMove	0	static
gwin_wm.c:560:6:gwinResize	0	static
gwin_wm.c:564:6:gwinSetMinMax	0	static
gwin_wm.c:568:6:gwinRaise	0	static
gwin_wm.c:572:15:gwinGetMinMax	0	static
gwin_wm.c:580:6:gwinRedrawDisplay	40	static
gwin_wm.c:606:9:gwinGetNextWindow	0	static
gwin_graph.c:168:9:gwinGGraphCreate	32	static
gwin_graph.c:179:6:gwinGraphSetStyle	20	static
gwin_graph.c:196:6:gwinGraphSetOrigin	4	static
gwin_graph.c:208:6:gwinGraphDrawAxis	72	static
gwin_graph.c:270:6:gwinGraphStartSet	0	static
gwin_graph.c:277:6:gwinGraphDrawPoint	48	static
gwin_graph.c:304:6:gwinGraphDrawPoints	40	static
gmisc.c:12:6:_gmiscInit	0	static
gmisc.c:17:6:_gmiscDeinit	0	static
gmisc_trig.c:61:9:fsin	0	static
gmisc_trig.c:69:9:fcos	0	static
